// Jest Snapshot v1, https://goo.gl/fbAQLP

exports[`HistoryItem component renders HistoryItem  1`] = `
<Fragment>
  <t
    collapseStringsAfterLength={false}
    collapsed={false}
    defaultValue={null}
    displayDataTypes={true}
    displayObjectSize={true}
    enableClipboard={true}
    groupArraysAfterLength={100}
    iconStyle="triangle"
    indentWidth={4}
    name="root"
    onAdd={false}
    onDelete={false}
    onEdit={false}
    onSelect={false}
    shouldCollapse={false}
    sortKeys={false}
    src={Object {}}
    style={Object {}}
    theme="rjv-default"
    validationMessage="Validation Error"
  />
  <h1>
    HISTORY ITEM
  </h1>
</Fragment>
`;
